// Jest Snapshot v1, https://goo.gl/fbAQLP

exports[`Control should match the snapshot 1`] = `
ShallowWrapper {
  "length": 1,
  Symbol(enzyme.__root__): [Circular],
  Symbol(enzyme.__unrendered__): <Control
    handleClick={[Function]}
    numFav={1}
/>,
  Symbol(enzyme.__renderer__): Object {
    "batchedUpdates": [Function],
    "getNode": [Function],
    "render": [Function],
    "simulateEvent": [Function],
    "unmount": [Function],
  },
  Symbol(enzyme.__node__): Object {
    "instance": null,
    "key": undefined,
    "nodeType": "host",
    "props": Object {
      "children": Array [
        <button
          name="favorites"
          onClick={[Function]}
>
          View Favorites (
          1
          )
</button>,
        <button
          name="people"
          onClick={[Function]}
>
          People
</button>,
        <button
          name="planets"
          onClick={[Function]}
>
          Planets
</button>,
        <button
          name="vehicles"
          onClick={[Function]}
>
          Vehicles
</button>,
      ],
      "className": "Control",
    },
    "ref": null,
    "rendered": Array [
      Object {
        "instance": null,
        "key": undefined,
        "nodeType": "host",
        "props": Object {
          "children": Array [
            "View Favorites (",
            1,
            ")",
          ],
          "name": "favorites",
          "onClick": [Function],
        },
        "ref": null,
        "rendered": Array [
          "View Favorites (",
          1,
          ")",
        ],
        "type": "button",
      },
      Object {
        "instance": null,
        "key": undefined,
        "nodeType": "host",
        "props": Object {
          "children": "People",
          "name": "people",
          "onClick": [Function],
        },
        "ref": null,
        "rendered": "People",
        "type": "button",
      },
      Object {
        "instance": null,
        "key": undefined,
        "nodeType": "host",
        "props": Object {
          "children": "Planets",
          "name": "planets",
          "onClick": [Function],
        },
        "ref": null,
        "rendered": "Planets",
        "type": "button",
      },
      Object {
        "instance": null,
        "key": undefined,
        "nodeType": "host",
        "props": Object {
          "children": "Vehicles",
          "name": "vehicles",
          "onClick": [Function],
        },
        "ref": null,
        "rendered": "Vehicles",
        "type": "button",
      },
    ],
    "type": "div",
  },
  Symbol(enzyme.__nodes__): Array [
    Object {
      "instance": null,
      "key": undefined,
      "nodeType": "host",
      "props": Object {
        "children": Array [
          <button
            name="favorites"
            onClick={[Function]}
>
            View Favorites (
            1
            )
</button>,
          <button
            name="people"
            onClick={[Function]}
>
            People
</button>,
          <button
            name="planets"
            onClick={[Function]}
>
            Planets
</button>,
          <button
            name="vehicles"
            onClick={[Function]}
>
            Vehicles
</button>,
        ],
        "className": "Control",
      },
      "ref": null,
      "rendered": Array [
        Object {
          "instance": null,
          "key": undefined,
          "nodeType": "host",
          "props": Object {
            "children": Array [
              "View Favorites (",
              1,
              ")",
            ],
            "name": "favorites",
            "onClick": [Function],
          },
          "ref": null,
          "rendered": Array [
            "View Favorites (",
            1,
            ")",
          ],
          "type": "button",
        },
        Object {
          "instance": null,
          "key": undefined,
          "nodeType": "host",
          "props": Object {
            "children": "People",
            "name": "people",
            "onClick": [Function],
          },
          "ref": null,
          "rendered": "People",
          "type": "button",
        },
        Object {
          "instance": null,
          "key": undefined,
          "nodeType": "host",
          "props": Object {
            "children": "Planets",
            "name": "planets",
            "onClick": [Function],
          },
          "ref": null,
          "rendered": "Planets",
          "type": "button",
        },
        Object {
          "instance": null,
          "key": undefined,
          "nodeType": "host",
          "props": Object {
            "children": "Vehicles",
            "name": "vehicles",
            "onClick": [Function],
          },
          "ref": null,
          "rendered": "Vehicles",
          "type": "button",
        },
      ],
      "type": "div",
    },
  ],
  Symbol(enzyme.__options__): Object {
    "adapter": ReactSixteenAdapter {
      "options": Object {
        "enableComponentDidUpdateOnSetState": true,
      },
    },
  },
}
`;
