// Jest Snapshot v1, https://goo.gl/fbAQLP

exports[`OpeningText should match the snapshot 1`] = `
ShallowWrapper {
  "length": 1,
  Symbol(enzyme.__root__): [Circular],
  Symbol(enzyme.__unrendered__): <OpeningText
    openingText={
        Object {
            "openingText": Object {
              "crawl": "The super long intro...",
              "eipsode": "4",
              "title": "Return of the Jedi",
              "year": "04/15/1990",
            },
          }
    }
/>,
  Symbol(enzyme.__renderer__): Object {
    "batchedUpdates": [Function],
    "getNode": [Function],
    "render": [Function],
    "simulateEvent": [Function],
    "unmount": [Function],
  },
  Symbol(enzyme.__node__): Object {
    "instance": null,
    "key": undefined,
    "nodeType": "host",
    "props": Object {
      "children": Array [
        <h1>
          Episode 
</h1>,
        <h2 />,
        <p>
           - 
</p>,
      ],
    },
    "ref": null,
    "rendered": Array [
      Object {
        "instance": null,
        "key": undefined,
        "nodeType": "host",
        "props": Object {
          "children": Array [
            "Episode ",
            undefined,
          ],
        },
        "ref": null,
        "rendered": Array [
          "Episode ",
          undefined,
        ],
        "type": "h1",
      },
      Object {
        "instance": null,
        "key": undefined,
        "nodeType": "host",
        "props": Object {
          "children": undefined,
        },
        "ref": null,
        "rendered": null,
        "type": "h2",
      },
      Object {
        "instance": null,
        "key": undefined,
        "nodeType": "host",
        "props": Object {
          "children": Array [
            undefined,
            " - ",
            undefined,
          ],
        },
        "ref": null,
        "rendered": Array [
          undefined,
          " - ",
          undefined,
        ],
        "type": "p",
      },
    ],
    "type": "div",
  },
  Symbol(enzyme.__nodes__): Array [
    Object {
      "instance": null,
      "key": undefined,
      "nodeType": "host",
      "props": Object {
        "children": Array [
          <h1>
            Episode 
</h1>,
          <h2 />,
          <p>
             - 
</p>,
        ],
      },
      "ref": null,
      "rendered": Array [
        Object {
          "instance": null,
          "key": undefined,
          "nodeType": "host",
          "props": Object {
            "children": Array [
              "Episode ",
              undefined,
            ],
          },
          "ref": null,
          "rendered": Array [
            "Episode ",
            undefined,
          ],
          "type": "h1",
        },
        Object {
          "instance": null,
          "key": undefined,
          "nodeType": "host",
          "props": Object {
            "children": undefined,
          },
          "ref": null,
          "rendered": null,
          "type": "h2",
        },
        Object {
          "instance": null,
          "key": undefined,
          "nodeType": "host",
          "props": Object {
            "children": Array [
              undefined,
              " - ",
              undefined,
            ],
          },
          "ref": null,
          "rendered": Array [
            undefined,
            " - ",
            undefined,
          ],
          "type": "p",
        },
      ],
      "type": "div",
    },
  ],
  Symbol(enzyme.__options__): Object {
    "adapter": ReactSixteenAdapter {
      "options": Object {
        "enableComponentDidUpdateOnSetState": true,
      },
    },
  },
}
`;
