// Jest Snapshot v1, https://goo.gl/fbAQLP

exports[`App should match the snapshot 1`] = `
ShallowWrapper {
  "length": 1,
  Symbol(enzyme.__root__): [Circular],
  Symbol(enzyme.__unrendered__): <App />,
  Symbol(enzyme.__renderer__): Object {
    "batchedUpdates": [Function],
    "getNode": [Function],
    "render": [Function],
    "simulateEvent": [Function],
    "unmount": [Function],
  },
  Symbol(enzyme.__node__): Object {
    "instance": null,
    "key": undefined,
    "nodeType": "host",
    "props": Object {
      "children": Array [
        <OpeningText
          openingText={Object {}}
/>,
        <section
          className="bottom-half"
>
          <Control
                    handleClick={[Function]}
                    numFav={0}
          />
          <CardContainer
                    chosenCategory=""
                    cleanedData={Array []}
                    currentFavorites={Array []}
                    toggleFavorite={[Function]}
          />
</section>,
      ],
      "className": "App",
    },
    "ref": null,
    "rendered": Array [
      Object {
        "instance": null,
        "key": undefined,
        "nodeType": "function",
        "props": Object {
          "openingText": Object {},
        },
        "ref": null,
        "rendered": null,
        "type": [Function],
      },
      Object {
        "instance": null,
        "key": undefined,
        "nodeType": "host",
        "props": Object {
          "children": Array [
            <Control
              handleClick={[Function]}
              numFav={0}
/>,
            <CardContainer
              chosenCategory=""
              cleanedData={Array []}
              currentFavorites={Array []}
              toggleFavorite={[Function]}
/>,
          ],
          "className": "bottom-half",
        },
        "ref": null,
        "rendered": Array [
          Object {
            "instance": null,
            "key": undefined,
            "nodeType": "function",
            "props": Object {
              "handleClick": [Function],
              "numFav": 0,
            },
            "ref": null,
            "rendered": null,
            "type": [Function],
          },
          Object {
            "instance": null,
            "key": undefined,
            "nodeType": "function",
            "props": Object {
              "chosenCategory": "",
              "cleanedData": Array [],
              "currentFavorites": Array [],
              "toggleFavorite": [Function],
            },
            "ref": null,
            "rendered": null,
            "type": [Function],
          },
        ],
        "type": "section",
      },
    ],
    "type": "div",
  },
  Symbol(enzyme.__nodes__): Array [
    Object {
      "instance": null,
      "key": undefined,
      "nodeType": "host",
      "props": Object {
        "children": Array [
          <OpeningText
            openingText={Object {}}
/>,
          <section
            className="bottom-half"
>
            <Control
                        handleClick={[Function]}
                        numFav={0}
            />
            <CardContainer
                        chosenCategory=""
                        cleanedData={Array []}
                        currentFavorites={Array []}
                        toggleFavorite={[Function]}
            />
</section>,
        ],
        "className": "App",
      },
      "ref": null,
      "rendered": Array [
        Object {
          "instance": null,
          "key": undefined,
          "nodeType": "function",
          "props": Object {
            "openingText": Object {},
          },
          "ref": null,
          "rendered": null,
          "type": [Function],
        },
        Object {
          "instance": null,
          "key": undefined,
          "nodeType": "host",
          "props": Object {
            "children": Array [
              <Control
                handleClick={[Function]}
                numFav={0}
/>,
              <CardContainer
                chosenCategory=""
                cleanedData={Array []}
                currentFavorites={Array []}
                toggleFavorite={[Function]}
/>,
            ],
            "className": "bottom-half",
          },
          "ref": null,
          "rendered": Array [
            Object {
              "instance": null,
              "key": undefined,
              "nodeType": "function",
              "props": Object {
                "handleClick": [Function],
                "numFav": 0,
              },
              "ref": null,
              "rendered": null,
              "type": [Function],
            },
            Object {
              "instance": null,
              "key": undefined,
              "nodeType": "function",
              "props": Object {
                "chosenCategory": "",
                "cleanedData": Array [],
                "currentFavorites": Array [],
                "toggleFavorite": [Function],
              },
              "ref": null,
              "rendered": null,
              "type": [Function],
            },
          ],
          "type": "section",
        },
      ],
      "type": "div",
    },
  ],
  Symbol(enzyme.__options__): Object {
    "adapter": ReactSixteenAdapter {
      "options": Object {
        "enableComponentDidUpdateOnSetState": true,
      },
    },
  },
}
`;
